-- hypothetical indexes using INCLUDE keyword, pg11+
-- Remove all the hypothetical indexes if any
SELECT hypopg_reset();
 hypopg_reset
--------------

(1 row)

-- Create normal index
SELECT COUNT(*) AS NB
FROM hypopg_create_index('CREATE INDEX ON hypo (id)');
 nb
----
  1
(1 row)

-- Should use hypothetical index using a regular Index Scan
SELECT COUNT(*) FROM do_explain('SELECT val FROM hypo WHERE id = 1') e
WHERE e ~ 'Index Scan.*<\d+>lsm_hypo.*';
 count
-------
     1
(1 row)

-- Remove all the hypothetical indexes
SELECT hypopg_reset();
 hypopg_reset
--------------

(1 row)

-- Create INCLUDE index
SELECT COUNT(*) AS NB
FROM hypopg_create_index('CREATE INDEX ON hypo (id) INCLUDE (val)');
 nb
----
  1
(1 row)

-- Should use hypothetical index using an Index Only Scan
SELECT COUNT(*) FROM do_explain('SELECT val FROM hypo WHERE id = 1') e
WHERE e ~ 'Index Only Scan.*<\d+>lsm_hypo.*';
 count
-------
     1
(1 row)

-- Deparse the index DDL
SELECT hypopg_get_indexdef(indexrelid) FROM hypopg();
                   hypopg_get_indexdef
----------------------------------------------------------
 CREATE INDEX ON public.hypo USING lsm (id) INCLUDE (val)
(1 row)
