--
-- ERRORS
--
-- bad in postquel, but ok in PostgreSQL
select 1;
 ?column?
----------
        1
(1 row)

--
-- UNSUPPORTED STUFF
-- doesn't work
-- notify pg_class
--
--
-- SELECT
-- this used to be a syntax error, but now we allow an empty target list
select;
--
(1 row)

-- no such relation
select * from nonesuch;
ERROR:  relation "nonesuch" does not exist
LINE 1: select * from nonesuch;
                      ^
-- bad name in target list
select nonesuch from pg_database;
ERROR:  column "nonesuch" does not exist
LINE 1: select nonesuch from pg_database;
               ^
-- empty distinct list isn't OK
select distinct from pg_database;
ERROR:  syntax error at or near "from"
LINE 1: select distinct from pg_database;
                        ^
-- bad attribute name on lhs of operator
select * from pg_database where nonesuch = pg_database.datname;
ERROR:  column "nonesuch" does not exist
LINE 1: select * from pg_database where nonesuch = pg_database.datna...
                                        ^
-- bad attribute name on rhs of operator
select * from pg_database where pg_database.datname = nonesuch;
ERROR:  column "nonesuch" does not exist
LINE 1: ...ect * from pg_database where pg_database.datname = nonesuch;
                                                              ^
-- bad attribute name in select distinct on
select distinct on (foobar) * from pg_database;
ERROR:  column "foobar" does not exist
LINE 1: select distinct on (foobar) * from pg_database;
                            ^
-- grouping with FOR UPDATE
select null from pg_database group by datname for update;
ERROR:  FOR UPDATE is not allowed with GROUP BY clause
select null from pg_database group by grouping sets (()) for update;
ERROR:  FOR UPDATE is not allowed with GROUP BY clause
--
-- DELETE
-- missing relation name (this had better not wildcard!)
delete from;
ERROR:  syntax error at or near ";"
LINE 1: delete from;
                   ^
-- no such relation
delete from nonesuch;
ERROR:  relation "nonesuch" does not exist
LINE 1: delete from nonesuch;
                    ^
--
-- DROP
-- missing relation name (this had better not wildcard!)
drop table;
ERROR:  syntax error at or near ";"
LINE 1: drop table;
                  ^
-- no such relation
drop table nonesuch;
ERROR:  table "nonesuch" does not exist
--
-- ALTER TABLE
-- relation renaming
-- missing relation name
alter table rename;
ERROR:  syntax error at or near ";"
LINE 1: alter table rename;
                          ^
-- no such relation
alter table nonesuch rename to newnonesuch;
ERROR:  relation "nonesuch" does not exist
-- no such relation
alter table nonesuch rename to stud_emp;
ERROR:  relation "nonesuch" does not exist
-- conflict
-- TODO(jason): change expected output when issue #1129 is closed or closing.
alter table stud_emp rename to aggtest;
ERROR:  relation "stud_emp" does not exist
-- self-conflict
-- TODO(jason): change expected output when issue #1129 is closed or closing.
alter table stud_emp rename to stud_emp;
ERROR:  relation "stud_emp" does not exist
-- attribute renaming
-- no such relation
alter table nonesuchrel rename column nonesuchatt to newnonesuchatt;
ERROR:  relation "nonesuchrel" does not exist
-- no such attribute
-- TODO(jason): change expected output when issue #1129 is closed or closing.
alter table emp rename column nonesuchatt to newnonesuchatt;
ERROR:  relation "emp" does not exist
-- conflict
-- TODO(jason): change expected output when issue #1129 is closed or closing.
alter table emp rename column salary to manager;
ERROR:  relation "emp" does not exist
-- conflict
-- TODO(jason): change expected output when issue #1129 is closed or closing.
alter table emp rename column salary to oid;
ERROR:  relation "emp" does not exist
--
-- TRANSACTION STUFF
-- not in a xact
abort;
WARNING:  there is no transaction in progress
-- not in a xact
end;
WARNING:  there is no transaction in progress
--
-- CREATE AGGREGATE
-- sfunc/finalfunc type disagreement
create aggregate newavg2 (sfunc = int4pl,
			  basetype = int4,
			  stype = int4,
			  finalfunc = int2um,
			  initcond = '0');
ERROR:  function int2um(integer) does not exist
-- left out basetype
create aggregate newcnt1 (sfunc = int4inc,
			  stype = int4,
			  initcond = '0');
ERROR:  aggregate input type must be specified
--
-- DROP INDEX
-- missing index name
drop index;
ERROR:  syntax error at or near ";"
LINE 1: drop index;
                  ^
-- bad index name
drop index 314159;
ERROR:  syntax error at or near "314159"
LINE 1: drop index 314159;
                   ^
-- no such index
drop index nonesuch;
ERROR:  index "nonesuch" does not exist
--
-- DROP AGGREGATE
-- missing aggregate name
drop aggregate;
ERROR:  syntax error at or near ";"
LINE 1: drop aggregate;
                      ^
-- missing aggregate type
drop aggregate newcnt1;
ERROR:  syntax error at or near ";"
LINE 1: drop aggregate newcnt1;
                              ^
-- bad aggregate name
drop aggregate 314159 (int);
ERROR:  syntax error at or near "314159"
LINE 1: drop aggregate 314159 (int);
                       ^
-- bad aggregate type
drop aggregate newcnt (nonesuch);
ERROR:  type "nonesuch" does not exist
-- no such aggregate
drop aggregate nonesuch (int4);
ERROR:  aggregate nonesuch(integer) does not exist
-- no such aggregate for type
drop aggregate newcnt (float4);
ERROR:  aggregate newcnt(real) does not exist
--
-- DROP FUNCTION
-- missing function name
drop function ();
ERROR:  syntax error at or near "("
LINE 1: drop function ();
                      ^
-- bad function name
drop function 314159();
ERROR:  syntax error at or near "314159"
LINE 1: drop function 314159();
                      ^
-- no such function
drop function nonesuch();
ERROR:  function nonesuch() does not exist
--
-- DROP TYPE
-- missing type name
drop type;
ERROR:  syntax error at or near ";"
LINE 1: drop type;
                 ^
-- bad type name
drop type 314159;
ERROR:  syntax error at or near "314159"
LINE 1: drop type 314159;
                  ^
-- no such type
drop type nonesuch;
ERROR:  type "nonesuch" does not exist
--
-- DROP OPERATOR
-- missing everything
drop operator;
ERROR:  syntax error at or near ";"
LINE 1: drop operator;
                     ^
-- bad operator name
drop operator equals;
ERROR:  syntax error at or near ";"
LINE 1: drop operator equals;
                            ^
-- missing type list
drop operator ===;
ERROR:  syntax error at or near ";"
LINE 1: drop operator ===;
                         ^
-- missing parentheses
drop operator int4, int4;
ERROR:  syntax error at or near ","
LINE 1: drop operator int4, int4;
                          ^
-- missing operator name
drop operator (int4, int4);
ERROR:  syntax error at or near "("
LINE 1: drop operator (int4, int4);
                      ^
-- missing type list contents
drop operator === ();
ERROR:  syntax error at or near ")"
LINE 1: drop operator === ();
                           ^
-- no such operator
drop operator === (int4);
ERROR:  missing argument
LINE 1: drop operator === (int4);
                               ^
HINT:  Use NONE to denote the missing argument of a unary operator.
-- no such operator by that name
drop operator === (int4, int4);
ERROR:  operator does not exist: integer === integer
-- no such type1
drop operator = (nonesuch);
ERROR:  missing argument
LINE 1: drop operator = (nonesuch);
                                 ^
HINT:  Use NONE to denote the missing argument of a unary operator.
-- no such type1
drop operator = ( , int4);
ERROR:  syntax error at or near ","
LINE 1: drop operator = ( , int4);
                          ^
-- no such type1
drop operator = (nonesuch, int4);
ERROR:  type "nonesuch" does not exist
-- no such type2
drop operator = (int4, nonesuch);
ERROR:  type "nonesuch" does not exist
-- no such type2
drop operator = (int4, );
ERROR:  syntax error at or near ")"
LINE 1: drop operator = (int4, );
                               ^
--
-- DROP RULE
-- missing rule name
drop rule;
ERROR:  syntax error at or near ";"
LINE 1: drop rule;
                 ^
-- bad rule name
drop rule 314159;
ERROR:  syntax error at or near "314159"
LINE 1: drop rule 314159;
                  ^
-- no such rule
drop rule nonesuch on noplace;
ERROR:  relation "noplace" does not exist
-- these postquel variants are no longer supported
drop tuple rule nonesuch;
ERROR:  syntax error at or near "tuple"
LINE 1: drop tuple rule nonesuch;
             ^
drop instance rule nonesuch on noplace;
ERROR:  syntax error at or near "instance"
LINE 1: drop instance rule nonesuch on noplace;
             ^
drop rewrite rule nonesuch;
ERROR:  syntax error at or near "rewrite"
LINE 1: drop rewrite rule nonesuch;
             ^
--
-- Check that division-by-zero is properly caught.
--
select 1/0;
ERROR:  division by zero
select 1::int8/0;
ERROR:  division by zero
select 1/0::int8;
ERROR:  division by zero
select 1::int2/0;
ERROR:  division by zero
select 1/0::int2;
ERROR:  division by zero
select 1::numeric/0;
ERROR:  division by zero
select 1/0::numeric;
ERROR:  division by zero
select 1::float8/0;
ERROR:  division by zero
select 1/0::float8;
ERROR:  division by zero
select 1::float4/0;
ERROR:  division by zero
select 1/0::float4;
ERROR:  division by zero
--
-- Test psql's reporting of syntax error location
--
xxx;
ERROR:  syntax error at or near "xxx"
LINE 1: xxx;
        ^
CREATE foo;
ERROR:  syntax error at or near "foo"
LINE 1: CREATE foo;
               ^
CREATE TABLE ;
ERROR:  syntax error at or near ";"
LINE 1: CREATE TABLE ;
                     ^
CREATE TABLE
\g
ERROR:  syntax error at end of input
LINE 1: CREATE TABLE
                    ^
INSERT INTO foo VALUES(123) foo;
ERROR:  syntax error at or near "foo"
LINE 1: INSERT INTO foo VALUES(123) foo;
                                    ^
INSERT INTO 123
VALUES(123);
ERROR:  syntax error at or near "123"
LINE 1: INSERT INTO 123
                    ^
INSERT INTO foo
VALUES(123) 123
;
ERROR:  syntax error at or near "123"
LINE 2: VALUES(123) 123
                    ^
-- with a tab
CREATE TABLE foo
  (id INT4 UNIQUE NOT NULL, id2 TEXT NOT NULL PRIMARY KEY,
	id3 INTEGER NOT NUL,
   id4 INT4 UNIQUE NOT NULL, id5 TEXT UNIQUE NOT NULL);
ERROR:  syntax error at or near "NUL"
LINE 3:  id3 INTEGER NOT NUL,
                         ^
-- long line to be truncated on the left
CREATE TABLE foo(id INT4 UNIQUE NOT NULL, id2 TEXT NOT NULL PRIMARY KEY, id3 INTEGER NOT NUL,
id4 INT4 UNIQUE NOT NULL, id5 TEXT UNIQUE NOT NULL);
ERROR:  syntax error at or near "NUL"
LINE 1: ...OT NULL, id2 TEXT NOT NULL PRIMARY KEY, id3 INTEGER NOT NUL,
                                                                   ^
-- long line to be truncated on the right
CREATE TABLE foo(
id3 INTEGER NOT NUL, id4 INT4 UNIQUE NOT NULL, id5 TEXT UNIQUE NOT NULL, id INT4 UNIQUE NOT NULL, id2 TEXT NOT NULL PRIMARY KEY);
ERROR:  syntax error at or near "NUL"
LINE 2: id3 INTEGER NOT NUL, id4 INT4 UNIQUE NOT NULL, id5 TEXT UNIQ...
                        ^
-- long line to be truncated both ways
CREATE TABLE foo(id INT4 UNIQUE NOT NULL, id2 TEXT NOT NULL PRIMARY KEY, id3 INTEGER NOT NUL, id4 INT4 UNIQUE NOT NULL, id5 TEXT UNIQUE NOT NULL);
ERROR:  syntax error at or near "NUL"
LINE 1: ...L, id2 TEXT NOT NULL PRIMARY KEY, id3 INTEGER NOT NUL, id4 I...
                                                             ^
-- long line to be truncated on the left, many lines
CREATE
TEMPORARY
TABLE
foo(id INT4 UNIQUE NOT NULL, id2 TEXT NOT NULL PRIMARY KEY, id3 INTEGER NOT NUL,
id4 INT4
UNIQUE
NOT
NULL,
id5 TEXT
UNIQUE
NOT
NULL)
;
ERROR:  syntax error at or near "NUL"
LINE 4: ...OT NULL, id2 TEXT NOT NULL PRIMARY KEY, id3 INTEGER NOT NUL,
                                                                   ^
-- long line to be truncated on the right, many lines
CREATE
TEMPORARY
TABLE
foo(
id3 INTEGER NOT NUL, id4 INT4 UNIQUE NOT NULL, id5 TEXT UNIQUE NOT NULL, id INT4 UNIQUE NOT NULL, id2 TEXT NOT NULL PRIMARY KEY)
;
ERROR:  syntax error at or near "NUL"
LINE 5: id3 INTEGER NOT NUL, id4 INT4 UNIQUE NOT NULL, id5 TEXT UNIQ...
                        ^
-- long line to be truncated both ways, many lines
CREATE
TEMPORARY
TABLE
foo
(id
INT4
UNIQUE NOT NULL, idx INT4 UNIQUE NOT NULL, idy INT4 UNIQUE NOT NULL, id2 TEXT NOT NULL PRIMARY KEY, id3 INTEGER NOT NUL, id4 INT4 UNIQUE NOT NULL, id5 TEXT UNIQUE NOT NULL,
idz INT4 UNIQUE NOT NULL,
idv INT4 UNIQUE NOT NULL);
ERROR:  syntax error at or near "NUL"
LINE 7: ...L, id2 TEXT NOT NULL PRIMARY KEY, id3 INTEGER NOT NUL, id4 I...
                                                             ^
-- more than 10 lines...
CREATE
TEMPORARY
TABLE
foo
(id
INT4
UNIQUE
NOT
NULL
,
idm
INT4
UNIQUE
NOT
NULL,
idx INT4 UNIQUE NOT NULL, idy INT4 UNIQUE NOT NULL, id2 TEXT NOT NULL PRIMARY KEY, id3 INTEGER NOT NUL, id4 INT4 UNIQUE NOT NULL, id5 TEXT UNIQUE NOT NULL,
idz INT4 UNIQUE NOT NULL,
idv
INT4
UNIQUE
NOT
NULL);
ERROR:  syntax error at or near "NUL"
LINE 16: ...L, id2 TEXT NOT NULL PRIMARY KEY, id3 INTEGER NOT NUL, id4 I...
                                                              ^
-- YB: With default max_stack_depth, ASAN build detects stack-overflow first.
-- Prevent that by lowering max_stack_depth temporarily.
set max_stack_depth = '900kB';
-- Check that stack depth detection mechanism works and
-- max_stack_depth is not set too high
create function infinite_recurse() returns int as
'select infinite_recurse()' language sql;
\set VERBOSITY terse
select infinite_recurse();
ERROR:  stack depth limit exceeded
-- YB: undo above change.  Some experimentation showed issues with some later
-- statements otherwise.
reset max_stack_depth;
-- YB note: check for unsupported system columns.
CREATE TABLE test_tab1(id INT);
INSERT INTO test_tab1 VALUES (1) RETURNING ctid;
ERROR:  System column "ctid" is not supported yet
INSERT INTO test_tab1 VALUES (2) RETURNING cmin;
ERROR:  System column "cmin" is not supported yet
INSERT INTO test_tab1 VALUES (3) RETURNING cmax;
ERROR:  System column "cmax" is not supported yet
INSERT INTO test_tab1 VALUES (4) RETURNING xmin;
ERROR:  System column "xmin" is not supported yet
INSERT INTO test_tab1 VALUES (5) RETURNING xmax;
ERROR:  System column "xmax" is not supported yet
EXPLAIN (VERBOSE, COSTS OFF) SELECT ctid FROM test_tab1;
ERROR:  System column "ctid" is not supported yet
EXPLAIN (VERBOSE, COSTS OFF) SELECT cmin FROM test_tab1;
ERROR:  System column "cmin" is not supported yet
EXPLAIN (VERBOSE, COSTS OFF) SELECT cmax FROM test_tab1;
ERROR:  System column "cmax" is not supported yet
EXPLAIN (VERBOSE, COSTS OFF) SELECT xmin FROM test_tab1;
ERROR:  System column "xmin" is not supported yet
EXPLAIN (VERBOSE, COSTS OFF) SELECT xmax FROM test_tab1;
ERROR:  System column "xmax" is not supported yet
SELECT ctid FROM test_tab1;
ERROR:  System column "ctid" is not supported yet
SELECT cmin FROM test_tab1;
ERROR:  System column "cmin" is not supported yet
SELECT cmax FROM test_tab1;
ERROR:  System column "cmax" is not supported yet
SELECT xmin FROM test_tab1;
ERROR:  System column "xmin" is not supported yet
SELECT xmax FROM test_tab1;
ERROR:  System column "xmax" is not supported yet
EXPLAIN (VERBOSE, COSTS OFF) SELECT ctid FROM test_tab1 WHERE id = 1;
ERROR:  System column "ctid" is not supported yet
EXPLAIN (VERBOSE, COSTS OFF) SELECT cmin FROM test_tab1 WHERE id = 2;
ERROR:  System column "cmin" is not supported yet
EXPLAIN (VERBOSE, COSTS OFF) SELECT cmax FROM test_tab1 WHERE id = 3;
ERROR:  System column "cmax" is not supported yet
EXPLAIN (VERBOSE, COSTS OFF) SELECT xmin FROM test_tab1 WHERE id = 4;
ERROR:  System column "xmin" is not supported yet
EXPLAIN (VERBOSE, COSTS OFF) SELECT xmax FROM test_tab1 WHERE id = 5;
ERROR:  System column "xmax" is not supported yet
SELECT ctid FROM test_tab1 WHERE id = 1;
ERROR:  System column "ctid" is not supported yet
SELECT cmin FROM test_tab1 WHERE id = 2;
ERROR:  System column "cmin" is not supported yet
SELECT cmax FROM test_tab1 WHERE id = 3;
ERROR:  System column "cmax" is not supported yet
SELECT xmin FROM test_tab1 WHERE id = 4;
ERROR:  System column "xmin" is not supported yet
SELECT xmax FROM test_tab1 WHERE id = 5;
ERROR:  System column "xmax" is not supported yet
-- With primary key.
CREATE TABLE test_tab2(id INT, PRIMARY KEY(id));
INSERT INTO test_tab2 VALUES (1) RETURNING ctid;
ERROR:  System column "ctid" is not supported yet
INSERT INTO test_tab2 VALUES (2) RETURNING cmin;
ERROR:  System column "cmin" is not supported yet
INSERT INTO test_tab2 VALUES (3) RETURNING cmax;
ERROR:  System column "cmax" is not supported yet
INSERT INTO test_tab2 VALUES (4) RETURNING xmin;
ERROR:  System column "xmin" is not supported yet
INSERT INTO test_tab2 VALUES (5) RETURNING xmax;
ERROR:  System column "xmax" is not supported yet
EXPLAIN (VERBOSE, COSTS OFF) SELECT ctid FROM test_tab2 WHERE id = 1;
ERROR:  System column "ctid" is not supported yet
EXPLAIN (VERBOSE, COSTS OFF) SELECT cmin FROM test_tab2 WHERE id = 2;
ERROR:  System column "cmin" is not supported yet
EXPLAIN (VERBOSE, COSTS OFF) SELECT cmax FROM test_tab2 WHERE id = 3;
ERROR:  System column "cmax" is not supported yet
EXPLAIN (VERBOSE, COSTS OFF) SELECT xmin FROM test_tab2 WHERE id = 4;
ERROR:  System column "xmin" is not supported yet
EXPLAIN (VERBOSE, COSTS OFF) SELECT xmax FROM test_tab2 WHERE id = 5;
ERROR:  System column "xmax" is not supported yet
SELECT ctid FROM test_tab2 WHERE id = 1;
ERROR:  System column "ctid" is not supported yet
SELECT cmin FROM test_tab2 WHERE id = 2;
ERROR:  System column "cmin" is not supported yet
SELECT cmax FROM test_tab2 WHERE id = 3;
ERROR:  System column "cmax" is not supported yet
SELECT xmin FROM test_tab2 WHERE id = 4;
ERROR:  System column "xmin" is not supported yet
SELECT xmax FROM test_tab2 WHERE id = 5;
ERROR:  System column "xmax" is not supported yet
-- All system columns should work for temp TABLE.
CREATE temp TABLE test_temp_tab(id INT, PRIMARY KEY(id));
INSERT INTO test_temp_tab VALUES (1) RETURNING ctid;
 ctid
-------
 (0,1)
(1 row)

INSERT INTO test_temp_tab VALUES (2) RETURNING cmin;
 cmin
------
    0
(1 row)

INSERT INTO test_temp_tab VALUES (3) RETURNING cmax;
 cmax
------
    0
(1 row)

INSERT INTO test_temp_tab VALUES (4) RETURNING xmin;
 xmin
------
    7
(1 row)

INSERT INTO test_temp_tab VALUES (5) RETURNING xmax;
 xmax
------
    0
(1 row)

EXPLAIN (VERBOSE, COSTS OFF) SELECT ctid FROM test_temp_tab;
             QUERY PLAN
-------------------------------------
 Seq Scan on pg_temp_2.test_temp_tab
   Output: ctid
(2 rows)

EXPLAIN (VERBOSE, COSTS OFF) SELECT cmin FROM test_temp_tab;
             QUERY PLAN
-------------------------------------
 Seq Scan on pg_temp_2.test_temp_tab
   Output: cmin
(2 rows)

EXPLAIN (VERBOSE, COSTS OFF) SELECT cmax FROM test_temp_tab;
             QUERY PLAN
-------------------------------------
 Seq Scan on pg_temp_2.test_temp_tab
   Output: cmax
(2 rows)

EXPLAIN (VERBOSE, COSTS OFF) SELECT xmin FROM test_temp_tab;
             QUERY PLAN
-------------------------------------
 Seq Scan on pg_temp_2.test_temp_tab
   Output: xmin
(2 rows)

EXPLAIN (VERBOSE, COSTS OFF) SELECT xmax FROM test_temp_tab;
             QUERY PLAN
-------------------------------------
 Seq Scan on pg_temp_2.test_temp_tab
   Output: xmax
(2 rows)

SELECT ctid FROM test_temp_tab;
 ctid
-------
 (0,1)
 (0,2)
 (0,3)
 (0,4)
 (0,5)
(5 rows)

SELECT cmin FROM test_temp_tab;
 cmin
------
    0
    0
    0
    0
    0
(5 rows)

SELECT cmax FROM test_temp_tab;
 cmax
------
    0
    0
    0
    0
    0
(5 rows)

SELECT xmin FROM test_temp_tab;
 xmin
------
    4
    5
    6
    7
    8
(5 rows)

SELECT xmax FROM test_temp_tab;
 xmax
------
    0
    0
    0
    0
    0
(5 rows)

EXPLAIN (VERBOSE, COSTS OFF) SELECT ctid FROM test_temp_tab WHERE id = 1;
                           QUERY PLAN
----------------------------------------------------------------
 Index Scan using test_temp_tab_pkey on pg_temp_2.test_temp_tab
   Output: ctid
   Index Cond: (test_temp_tab.id = 1)
(3 rows)

EXPLAIN (VERBOSE, COSTS OFF) SELECT cmin FROM test_temp_tab WHERE id = 2;
                           QUERY PLAN
----------------------------------------------------------------
 Index Scan using test_temp_tab_pkey on pg_temp_2.test_temp_tab
   Output: cmin
   Index Cond: (test_temp_tab.id = 2)
(3 rows)

EXPLAIN (VERBOSE, COSTS OFF) SELECT cmax FROM test_temp_tab WHERE id = 3;
                           QUERY PLAN
----------------------------------------------------------------
 Index Scan using test_temp_tab_pkey on pg_temp_2.test_temp_tab
   Output: cmax
   Index Cond: (test_temp_tab.id = 3)
(3 rows)

EXPLAIN (VERBOSE, COSTS OFF) SELECT xmin FROM test_temp_tab WHERE id = 4;
                           QUERY PLAN
----------------------------------------------------------------
 Index Scan using test_temp_tab_pkey on pg_temp_2.test_temp_tab
   Output: xmin
   Index Cond: (test_temp_tab.id = 4)
(3 rows)

EXPLAIN (VERBOSE, COSTS OFF) SELECT xmax FROM test_temp_tab WHERE id = 5;
                           QUERY PLAN
----------------------------------------------------------------
 Index Scan using test_temp_tab_pkey on pg_temp_2.test_temp_tab
   Output: xmax
   Index Cond: (test_temp_tab.id = 5)
(3 rows)

SELECT ctid FROM test_temp_tab WHERE id = 1;
 ctid
-------
 (0,1)
(1 row)

SELECT cmin FROM test_temp_tab WHERE id = 2;
 cmin
------
    0
(1 row)

SELECT cmax FROM test_temp_tab WHERE id = 3;
 cmax
------
    0
(1 row)

SELECT xmin FROM test_temp_tab WHERE id = 4;
 xmin
------
    7
(1 row)

SELECT xmax FROM test_temp_tab WHERE id = 5;
 xmax
------
    0
(1 row)
